{
  "version": "1.5.50",
  "plugins_used": [
    {
      "name": "ArtifactoryDetector"
    },
    {
      "name": "AWSKeyDetector"
    },
    {
      "name": "AzureStorageKeyDetector"
    },
    {
      "name": "Base64HighEntropyString",
      "limit": 4.5
    },
    {
      "name": "BasicAuthDetector"
    },
    {
      "name": "CloudantDetector"
    },
    {
      "name": "DiscordBotTokenDetector"
    },
    {
      "name": "GitHubTokenDetector"
    },
    {
      "name": "GitLabTokenDetector"
    },
    {
      "name": "HexHighEntropyString",
      "limit": 3.0
    },
    {
      "name": "IbmCloudIamDetector"
    },
    {
      "name": "IbmCosHmacDetector"
    },
    {
      "name": "IPPublicDetector"
    },
    {
      "name": "JwtTokenDetector"
    },
    {
      "name": "KeywordDetector",
      "keyword_exclude": ""
    },
    {
      "name": "MailchimpDetector"
    },
    {
      "name": "NpmDetector"
    },
    {
      "name": "OpenAIDetector"
    },
    {
      "name": "PrivateKeyDetector"
    },
    {
      "name": "PypiTokenDetector"
    },
    {
      "name": "SendGridDetector"
    },
    {
      "name": "SlackDetector"
    },
    {
      "name": "SoftlayerDetector"
    },
    {
      "name": "SquareOAuthDetector"
    },
    {
      "name": "StripeDetector"
    },
    {
      "name": "TelegramBotTokenDetector"
    },
    {
      "name": "TwilioKeyDetector"
    }
  ],
  "filters_used": [
    {
      "path": "detect_secrets.filters.allowlist.is_line_allowlisted"
    },
    {
      "path": "detect_secrets.filters.common.is_baseline_file",
      "filename": ".secrets.baseline"
    },
    {
      "path": "detect_secrets.filters.common.is_ignored_due_to_verification_policies",
      "min_level": 2
    },
    {
      "path": "detect_secrets.filters.heuristic.is_indirect_reference"
    },
    {
      "path": "detect_secrets.filters.heuristic.is_likely_id_string"
    },
    {
      "path": "detect_secrets.filters.heuristic.is_lock_file"
    },
    {
      "path": "detect_secrets.filters.heuristic.is_not_alphanumeric_string"
    },
    {
      "path": "detect_secrets.filters.heuristic.is_potential_uuid"
    },
    {
      "path": "detect_secrets.filters.heuristic.is_prefixed_with_dollar_sign"
    },
    {
      "path": "detect_secrets.filters.heuristic.is_sequential_string"
    },
    {
      "path": "detect_secrets.filters.heuristic.is_swagger_file"
    },
    {
      "path": "detect_secrets.filters.heuristic.is_templated_secret"
    }
  ],
  "results": {
    "modulos\\03-plataforma-e-entrega\\blindagem-enterprise\\aidd-enterprise\\alembic\\versions\\20260907_9cd894b8e0bf_initial_schema_system_tables_and_modulo1.py": [
      {
        "type": "Hex High Entropy String",
        "filename": "modulos\\03-plataforma-e-entrega\\blindagem-enterprise\\aidd-enterprise\\alembic\\versions\\20260907_9cd894b8e0bf_initial_schema_system_tables_and_modulo1.py",
        "hashed_secret": "c473282d585592086971146c9ab05efc3ff01571",
        "is_verified": false,
        "line_number": 3,
        "is_added": false,
        "is_removed": false
      }
    ],
    "modulos\\03-plataforma-e-entrega\\blindagem-enterprise\\aidd-enterprise\\materiais-extras\\comparativo\\aidd-master-pack\\v5.0.0\\06-manual-de-uso.md": [
      {
        "type": "Basic Auth Credentials",
        "filename": "modulos\\03-plataforma-e-entrega\\blindagem-enterprise\\aidd-enterprise\\materiais-extras\\comparativo\\aidd-master-pack\\v5.0.0\\06-manual-de-uso.md",
        "hashed_secret": "7751a23fa55170a57e90374df13a3ab78efe0e99",
        "is_verified": false,
        "line_number": 122,
        "is_added": false,
        "is_removed": false
      }
    ],
    "modulos\\03-plataforma-e-entrega\\blindagem-enterprise\\aidd-enterprise\\materiais-extras\\examples\\enterprise-suite-v4\\nginx\\ssl\\generate_ssl.py": [
      {
        "type": "Private Key",
        "filename": "modulos\\03-plataforma-e-entrega\\blindagem-enterprise\\aidd-enterprise\\materiais-extras\\examples\\enterprise-suite-v4\\nginx\\ssl\\generate_ssl.py",
        "hashed_secret": "bc839f9c442173490e7622bc747c3e7e8e0569d5",
        "is_verified": false,
        "line_number": 36,
        "is_added": false,
        "is_removed": false
      }
    ],
    "modulos\\03-plataforma-e-entrega\\blindagem-enterprise\\aidd-enterprise\\materiais-extras\\examples\\enterprise-suite-v4\\tests\\unit\\test_webhooks_studio.py": [
      {
        "type": "Secret Keyword",
        "filename": "modulos\\03-plataforma-e-entrega\\blindagem-enterprise\\aidd-enterprise\\materiais-extras\\examples\\enterprise-suite-v4\\tests\\unit\\test_webhooks_studio.py",
        "hashed_secret": "bb693892cf7b22c0a5805dfc1f19a73f7196c065",
        "is_verified": false,
        "line_number": 14,
        "is_added": false,
        "is_removed": false
      },
      {
        "type": "Secret Keyword",
        "filename": "modulos\\03-plataforma-e-entrega\\blindagem-enterprise\\aidd-enterprise\\materiais-extras\\examples\\enterprise-suite-v4\\tests\\unit\\test_webhooks_studio.py",
        "hashed_secret": "042aeade339398dd7f841e5086bb4f8d7a4756db",
        "is_verified": false,
        "line_number": 33,
        "is_added": false,
        "is_removed": false
      },
      {
        "type": "Secret Keyword",
        "filename": "modulos\\03-plataforma-e-entrega\\blindagem-enterprise\\aidd-enterprise\\materiais-extras\\examples\\enterprise-suite-v4\\tests\\unit\\test_webhooks_studio.py",
        "hashed_secret": "adf937a293c877b0d64175b5706fb87f6cd540ee",
        "is_verified": false,
        "line_number": 73,
        "is_added": false,
        "is_removed": false
      }
    ],
    "modulos\\03-plataforma-e-entrega\\blindagem-enterprise\\aidd-enterprise\\materiais-extras\\examples\\logistica-hub-v4\\nginx\\ssl\\generate_ssl.py": [
      {
        "type": "Private Key",
        "filename": "modulos\\03-plataforma-e-entrega\\blindagem-enterprise\\aidd-enterprise\\materiais-extras\\examples\\logistica-hub-v4\\nginx\\ssl\\generate_ssl.py",
        "hashed_secret": "bc839f9c442173490e7622bc747c3e7e8e0569d5",
        "is_verified": false,
        "line_number": 36,
        "is_added": false,
        "is_removed": false
      }
    ],
    "modulos\\03-plataforma-e-entrega\\blindagem-enterprise\\aidd-enterprise\\materiais-extras\\examples\\logistica-hub-v4\\tests\\unit\\test_webhooks_studio.py": [
      {
        "type": "Secret Keyword",
        "filename": "modulos\\03-plataforma-e-entrega\\blindagem-enterprise\\aidd-enterprise\\materiais-extras\\examples\\logistica-hub-v4\\tests\\unit\\test_webhooks_studio.py",
        "hashed_secret": "bb693892cf7b22c0a5805dfc1f19a73f7196c065",
        "is_verified": false,
        "line_number": 14,
        "is_added": false,
        "is_removed": false
      },
      {
        "type": "Secret Keyword",
        "filename": "modulos\\03-plataforma-e-entrega\\blindagem-enterprise\\aidd-enterprise\\materiais-extras\\examples\\logistica-hub-v4\\tests\\unit\\test_webhooks_studio.py",
        "hashed_secret": "042aeade339398dd7f841e5086bb4f8d7a4756db",
        "is_verified": false,
        "line_number": 33,
        "is_added": false,
        "is_removed": false
      },
      {
        "type": "Secret Keyword",
        "filename": "modulos\\03-plataforma-e-entrega\\blindagem-enterprise\\aidd-enterprise\\materiais-extras\\examples\\logistica-hub-v4\\tests\\unit\\test_webhooks_studio.py",
        "hashed_secret": "adf937a293c877b0d64175b5706fb87f6cd540ee",
        "is_verified": false,
        "line_number": 73,
        "is_added": false,
        "is_removed": false
      }
    ],
    "modulos\\03-plataforma-e-entrega\\blindagem-enterprise\\aidd-enterprise\\scripts\\compose_suite.py": [
      {
        "type": "Basic Auth Credentials",
        "filename": "modulos\\03-plataforma-e-entrega\\blindagem-enterprise\\aidd-enterprise\\scripts\\compose_suite.py",
        "hashed_secret": "7205a0abf00d1daec13c63ece029057c974795a9",
        "is_verified": false,
        "line_number": 165,
        "is_added": false,
        "is_removed": false
      }
    ],
    "modulos\\03-plataforma-e-entrega\\blindagem-enterprise\\aidd-enterprise\\src\\core\\database_adapter.py": [
      {
        "type": "Basic Auth Credentials",
        "filename": "modulos\\03-plataforma-e-entrega\\blindagem-enterprise\\aidd-enterprise\\src\\core\\database_adapter.py",
        "hashed_secret": "9d4e1e23bd5b727046a9e3b4b7db57bd8d6ee684",
        "is_verified": false,
        "line_number": 405,
        "is_added": false,
        "is_removed": false
      }
    ],
    "modulos\\03-plataforma-e-entrega\\blindagem-enterprise\\aidd-enterprise\\src\\core\\security.py": [
      {
        "type": "Secret Keyword",
        "filename": "modulos\\03-plataforma-e-entrega\\blindagem-enterprise\\aidd-enterprise\\src\\core\\security.py",
        "hashed_secret": "00152cc133802e6ea6ea28a3181119fd50151e68",
        "is_verified": false,
        "line_number": 15,
        "is_added": false,
        "is_removed": false
      }
    ],
    "modulos\\03-plataforma-e-entrega\\blindagem-enterprise\\aidd-enterprise\\templates\\core\\security.py": [
      {
        "type": "Secret Keyword",
        "filename": "modulos\\03-plataforma-e-entrega\\blindagem-enterprise\\aidd-enterprise\\templates\\core\\security.py",
        "hashed_secret": "00152cc133802e6ea6ea28a3181119fd50151e68",
        "is_verified": false,
        "line_number": 15,
        "is_added": false,
        "is_removed": false
      }
    ],
    "modulos\\03-plataforma-e-entrega\\blindagem-enterprise\\aidd-enterprise\\templates\\rules\\camada-database.md": [
      {
        "type": "Basic Auth Credentials",
        "filename": "modulos\\03-plataforma-e-entrega\\blindagem-enterprise\\aidd-enterprise\\templates\\rules\\camada-database.md",
        "hashed_secret": "9d4e1e23bd5b727046a9e3b4b7db57bd8d6ee684",
        "is_verified": false,
        "line_number": 35,
        "is_added": false,
        "is_removed": false
      }
    ],
    "modulos\\03-plataforma-e-entrega\\blindagem-enterprise\\aidd-enterprise\\templates\\v2\\security.py": [
      {
        "type": "Secret Keyword",
        "filename": "modulos\\03-plataforma-e-entrega\\blindagem-enterprise\\aidd-enterprise\\templates\\v2\\security.py",
        "hashed_secret": "00152cc133802e6ea6ea28a3181119fd50151e68",
        "is_verified": false,
        "line_number": 15,
        "is_added": false,
        "is_removed": false
      }
    ],
    "modulos\\03-plataforma-e-entrega\\blindagem-enterprise\\aidd-enterprise\\tests\\unit\\test_database_adapter.py": [
      {
        "type": "Basic Auth Credentials",
        "filename": "modulos\\03-plataforma-e-entrega\\blindagem-enterprise\\aidd-enterprise\\tests\\unit\\test_database_adapter.py",
        "hashed_secret": "a94a8fe5ccb19ba61c4c0873d391e987982fbbd3",
        "is_verified": false,
        "line_number": 291,
        "is_added": false,
        "is_removed": false
      }
    ],
    "modulos\\03-plataforma-e-entrega\\blindagem-enterprise\\aidd-enterprise\\tests\\unit\\test_database_adapter_poliglota.py": [
      {
        "type": "Basic Auth Credentials",
        "filename": "modulos\\03-plataforma-e-entrega\\blindagem-enterprise\\aidd-enterprise\\tests\\unit\\test_database_adapter_poliglota.py",
        "hashed_secret": "1a91d62f7ca67399625a4368a6ab5d4a3baa6073",
        "is_verified": false,
        "line_number": 156,
        "is_added": false,
        "is_removed": false
      },
      {
        "type": "Basic Auth Credentials",
        "filename": "modulos\\03-plataforma-e-entrega\\blindagem-enterprise\\aidd-enterprise\\tests\\unit\\test_database_adapter_poliglota.py",
        "hashed_secret": "e5e9fa1ba31ecd1ae84f75caaa474f3a663f05f4",
        "is_verified": false,
        "line_number": 162,
        "is_added": false,
        "is_removed": false
      },
      {
        "type": "Secret Keyword",
        "filename": "modulos\\03-plataforma-e-entrega\\blindagem-enterprise\\aidd-enterprise\\tests\\unit\\test_database_adapter_poliglota.py",
        "hashed_secret": "e5e9fa1ba31ecd1ae84f75caaa474f3a663f05f4",
        "is_verified": false,
        "line_number": 261,
        "is_added": false,
        "is_removed": false
      },
      {
        "type": "Secret Keyword",
        "filename": "modulos\\03-plataforma-e-entrega\\blindagem-enterprise\\aidd-enterprise\\tests\\unit\\test_database_adapter_poliglota.py",
        "hashed_secret": "1a91d62f7ca67399625a4368a6ab5d4a3baa6073",
        "is_verified": false,
        "line_number": 274,
        "is_added": false,
        "is_removed": false
      }
    ],
    "modulos\\03-plataforma-e-entrega\\blindagem-enterprise\\aidd-enterprise\\tests\\unit\\test_fleet_discovery.py": [
      {
        "type": "Base64 High Entropy String",
        "filename": "modulos\\03-plataforma-e-entrega\\blindagem-enterprise\\aidd-enterprise\\tests\\unit\\test_fleet_discovery.py",
        "hashed_secret": "7e7374d5dff264d37a54aa193a7121ae92629fda",
        "is_verified": false,
        "line_number": 233,
        "is_added": false,
        "is_removed": false
      }
    ],
    "modulos\\03-plataforma-e-entrega\\blindagem-enterprise\\aidd-enterprise\\tests\\unit\\test_jwt_hardening.py": [
      {
        "type": "Secret Keyword",
        "filename": "modulos\\03-plataforma-e-entrega\\blindagem-enterprise\\aidd-enterprise\\tests\\unit\\test_jwt_hardening.py",
        "hashed_secret": "00152cc133802e6ea6ea28a3181119fd50151e68",
        "is_verified": false,
        "line_number": 89,
        "is_added": false,
        "is_removed": false
      },
      {
        "type": "Secret Keyword",
        "filename": "modulos\\03-plataforma-e-entrega\\blindagem-enterprise\\aidd-enterprise\\tests\\unit\\test_jwt_hardening.py",
        "hashed_secret": "4ed9683c9269554d5dcac0427e235ea993030ca4",
        "is_verified": false,
        "line_number": 101,
        "is_added": false,
        "is_removed": false
      }
    ],
    "modulos\\03-plataforma-e-entrega\\blindagem-enterprise\\aidd-enterprise\\tests\\unit\\test_oidc_sso.py": [
      {
        "type": "Secret Keyword",
        "filename": "modulos\\03-plataforma-e-entrega\\blindagem-enterprise\\aidd-enterprise\\tests\\unit\\test_oidc_sso.py",
        "hashed_secret": "f1feeb3eaf65f80b8b2c36694978031d0fe765fc",
        "is_verified": false,
        "line_number": 99,
        "is_added": false,
        "is_removed": false
      },
      {
        "type": "Secret Keyword",
        "filename": "modulos\\03-plataforma-e-entrega\\blindagem-enterprise\\aidd-enterprise\\tests\\unit\\test_oidc_sso.py",
        "hashed_secret": "2c035ac06add3f441d7b835885958b03deac3d50",
        "is_verified": false,
        "line_number": 101,
        "is_added": false,
        "is_removed": false
      },
      {
        "type": "Secret Keyword",
        "filename": "modulos\\03-plataforma-e-entrega\\blindagem-enterprise\\aidd-enterprise\\tests\\unit\\test_oidc_sso.py",
        "hashed_secret": "ad900e70ca2738c82b23f0ecac8babb8998f4e98",
        "is_verified": false,
        "line_number": 189,
        "is_added": false,
        "is_removed": false
      }
    ],
    "modulos\\03-plataforma-e-entrega\\fatiamento-master\\aidd-master\\CAPABILITIES.json": [
      {
        "type": "Hex High Entropy String",
        "filename": "modulos\\03-plataforma-e-entrega\\fatiamento-master\\aidd-master\\CAPABILITIES.json",
        "hashed_secret": "2b3b30a9805523b4136dd5be6ad362eed742fce1",
        "is_verified": false,
        "line_number": 29,
        "is_added": false,
        "is_removed": false
      }
    ],
    "modulos\\03-plataforma-e-entrega\\fatiamento-master\\aidd-master\\alembic\\versions\\20260907_9cd894b8e0bf_initial_schema_system_tables_and_modulo1.py": [
      {
        "type": "Hex High Entropy String",
        "filename": "modulos\\03-plataforma-e-entrega\\fatiamento-master\\aidd-master\\alembic\\versions\\20260907_9cd894b8e0bf_initial_schema_system_tables_and_modulo1.py",
        "hashed_secret": "c473282d585592086971146c9ab05efc3ff01571",
        "is_verified": false,
        "line_number": 3,
        "is_added": false,
        "is_removed": false
      }
    ],
    "modulos\\03-plataforma-e-entrega\\fatiamento-master\\aidd-master\\scripts\\compose_suite.py": [
      {
        "type": "Basic Auth Credentials",
        "filename": "modulos\\03-plataforma-e-entrega\\fatiamento-master\\aidd-master\\scripts\\compose_suite.py",
        "hashed_secret": "7205a0abf00d1daec13c63ece029057c974795a9",
        "is_verified": false,
        "line_number": 219,
        "is_added": false,
        "is_removed": false
      }
    ],
    "modulos\\03-plataforma-e-entrega\\fatiamento-master\\aidd-master\\src\\core\\database_adapter.py": [
      {
        "type": "Basic Auth Credentials",
        "filename": "modulos\\03-plataforma-e-entrega\\fatiamento-master\\aidd-master\\src\\core\\database_adapter.py",
        "hashed_secret": "9d4e1e23bd5b727046a9e3b4b7db57bd8d6ee684",
        "is_verified": false,
        "line_number": 405,
        "is_added": false,
        "is_removed": false
      }
    ],
    "modulos\\03-plataforma-e-entrega\\fatiamento-master\\aidd-master\\src\\core\\security.py": [
      {
        "type": "Secret Keyword",
        "filename": "modulos\\03-plataforma-e-entrega\\fatiamento-master\\aidd-master\\src\\core\\security.py",
        "hashed_secret": "00152cc133802e6ea6ea28a3181119fd50151e68",
        "is_verified": false,
        "line_number": 15,
        "is_added": false,
        "is_removed": false
      }
    ],
    "modulos\\03-plataforma-e-entrega\\fatiamento-master\\aidd-master\\templates\\rules\\camada-database.md": [
      {
        "type": "Basic Auth Credentials",
        "filename": "modulos\\03-plataforma-e-entrega\\fatiamento-master\\aidd-master\\templates\\rules\\camada-database.md",
        "hashed_secret": "9d4e1e23bd5b727046a9e3b4b7db57bd8d6ee684",
        "is_verified": false,
        "line_number": 35,
        "is_added": false,
        "is_removed": false
      }
    ],
    "modulos\\03-plataforma-e-entrega\\fatiamento-master\\aidd-master\\tests\\unit\\test_alembic_migrations.py": [
      {
        "type": "Hex High Entropy String",
        "filename": "modulos\\03-plataforma-e-entrega\\fatiamento-master\\aidd-master\\tests\\unit\\test_alembic_migrations.py",
        "hashed_secret": "c473282d585592086971146c9ab05efc3ff01571",
        "is_verified": false,
        "line_number": 241,
        "is_added": false,
        "is_removed": false
      }
    ],
    "modulos\\03-plataforma-e-entrega\\fatiamento-master\\aidd-master\\tests\\unit\\test_database_adapter.py": [
      {
        "type": "Basic Auth Credentials",
        "filename": "modulos\\03-plataforma-e-entrega\\fatiamento-master\\aidd-master\\tests\\unit\\test_database_adapter.py",
        "hashed_secret": "a94a8fe5ccb19ba61c4c0873d391e987982fbbd3",
        "is_verified": false,
        "line_number": 291,
        "is_added": false,
        "is_removed": false
      }
    ],
    "modulos\\03-plataforma-e-entrega\\fatiamento-master\\aidd-master\\tests\\unit\\test_database_adapter_poliglota.py": [
      {
        "type": "Basic Auth Credentials",
        "filename": "modulos\\03-plataforma-e-entrega\\fatiamento-master\\aidd-master\\tests\\unit\\test_database_adapter_poliglota.py",
        "hashed_secret": "1a91d62f7ca67399625a4368a6ab5d4a3baa6073",
        "is_verified": false,
        "line_number": 156,
        "is_added": false,
        "is_removed": false
      },
      {
        "type": "Basic Auth Credentials",
        "filename": "modulos\\03-plataforma-e-entrega\\fatiamento-master\\aidd-master\\tests\\unit\\test_database_adapter_poliglota.py",
        "hashed_secret": "e5e9fa1ba31ecd1ae84f75caaa474f3a663f05f4",
        "is_verified": false,
        "line_number": 162,
        "is_added": false,
        "is_removed": false
      },
      {
        "type": "Secret Keyword",
        "filename": "modulos\\03-plataforma-e-entrega\\fatiamento-master\\aidd-master\\tests\\unit\\test_database_adapter_poliglota.py",
        "hashed_secret": "e5e9fa1ba31ecd1ae84f75caaa474f3a663f05f4",
        "is_verified": false,
        "line_number": 261,
        "is_added": false,
        "is_removed": false
      },
      {
        "type": "Secret Keyword",
        "filename": "modulos\\03-plataforma-e-entrega\\fatiamento-master\\aidd-master\\tests\\unit\\test_database_adapter_poliglota.py",
        "hashed_secret": "1a91d62f7ca67399625a4368a6ab5d4a3baa6073",
        "is_verified": false,
        "line_number": 274,
        "is_added": false,
        "is_removed": false
      }
    ],
    "modulos\\03-plataforma-e-entrega\\fatiamento-master\\aidd-master\\tests\\unit\\test_fleet_discovery.py": [
      {
        "type": "Base64 High Entropy String",
        "filename": "modulos\\03-plataforma-e-entrega\\fatiamento-master\\aidd-master\\tests\\unit\\test_fleet_discovery.py",
        "hashed_secret": "7e7374d5dff264d37a54aa193a7121ae92629fda",
        "is_verified": false,
        "line_number": 233,
        "is_added": false,
        "is_removed": false
      }
    ],
    "modulos\\03-plataforma-e-entrega\\fatiamento-master\\aidd-master\\tests\\unit\\test_jwt_hardening.py": [
      {
        "type": "Secret Keyword",
        "filename": "modulos\\03-plataforma-e-entrega\\fatiamento-master\\aidd-master\\tests\\unit\\test_jwt_hardening.py",
        "hashed_secret": "00152cc133802e6ea6ea28a3181119fd50151e68",
        "is_verified": false,
        "line_number": 89,
        "is_added": false,
        "is_removed": false
      },
      {
        "type": "Secret Keyword",
        "filename": "modulos\\03-plataforma-e-entrega\\fatiamento-master\\aidd-master\\tests\\unit\\test_jwt_hardening.py",
        "hashed_secret": "4ed9683c9269554d5dcac0427e235ea993030ca4",
        "is_verified": false,
        "line_number": 101,
        "is_added": false,
        "is_removed": false
      }
    ],
    "modulos\\03-plataforma-e-entrega\\fatiamento-master\\aidd-master\\tests\\unit\\test_oidc_sso.py": [
      {
        "type": "Secret Keyword",
        "filename": "modulos\\03-plataforma-e-entrega\\fatiamento-master\\aidd-master\\tests\\unit\\test_oidc_sso.py",
        "hashed_secret": "f1feeb3eaf65f80b8b2c36694978031d0fe765fc",
        "is_verified": false,
        "line_number": 99,
        "is_added": false,
        "is_removed": false
      },
      {
        "type": "Secret Keyword",
        "filename": "modulos\\03-plataforma-e-entrega\\fatiamento-master\\aidd-master\\tests\\unit\\test_oidc_sso.py",
        "hashed_secret": "2c035ac06add3f441d7b835885958b03deac3d50",
        "is_verified": false,
        "line_number": 101,
        "is_added": false,
        "is_removed": false
      },
      {
        "type": "Secret Keyword",
        "filename": "modulos\\03-plataforma-e-entrega\\fatiamento-master\\aidd-master\\tests\\unit\\test_oidc_sso.py",
        "hashed_secret": "ad900e70ca2738c82b23f0ecac8babb8998f4e98",
        "is_verified": false,
        "line_number": 189,
        "is_added": false,
        "is_removed": false
      }
    ],
    "modulos\\03-plataforma-e-entrega\\operacoes-ops\\aidd-ops\\templates\\infra\\postgres\\.env.example": [
      {
        "type": "Base64 High Entropy String",
        "filename": "modulos\\03-plataforma-e-entrega\\operacoes-ops\\aidd-ops\\templates\\infra\\postgres\\.env.example",
        "hashed_secret": "279b05e8d77db3067ea0a057b51d9537ca452d8a",
        "is_verified": false,
        "line_number": 18,
        "is_added": false,
        "is_removed": false
      }
    ],
    "modulos\\03-plataforma-e-entrega\\operacoes-ops\\aidd-ops\\templates\\infra\\postgres\\init-multiple-databases.sh": [
      {
        "type": "Secret Keyword",
        "filename": "modulos\\03-plataforma-e-entrega\\operacoes-ops\\aidd-ops\\templates\\infra\\postgres\\init-multiple-databases.sh",
        "hashed_secret": "74e0f84f8e0e2628d53cb4a02f9fcc7f2990e418",
        "is_verified": false,
        "line_number": 22,
        "is_added": false,
        "is_removed": false
      }
    ],
    "modulos\\03-plataforma-e-entrega\\operacoes-ops\\aidd-ops\\tests\\test_cofre_credenciais.py": [
      {
        "type": "Base64 High Entropy String",
        "filename": "modulos\\03-plataforma-e-entrega\\operacoes-ops\\aidd-ops\\tests\\test_cofre_credenciais.py",
        "hashed_secret": "e57768775c28f94ed6116896ac722ffbc92206b7",
        "is_verified": false,
        "line_number": 187,
        "is_added": false,
        "is_removed": false
      },
      {
        "type": "Base64 High Entropy String",
        "filename": "modulos\\03-plataforma-e-entrega\\operacoes-ops\\aidd-ops\\tests\\test_cofre_credenciais.py",
        "hashed_secret": "6d15d424f10576100d6c47e28f786cf2d2aa1453",
        "is_verified": false,
        "line_number": 209,
        "is_added": false,
        "is_removed": false
      },
      {
        "type": "Base64 High Entropy String",
        "filename": "modulos\\03-plataforma-e-entrega\\operacoes-ops\\aidd-ops\\tests\\test_cofre_credenciais.py",
        "hashed_secret": "6ca93696fa7161fe3e7d1482136079973c4ce858",
        "is_verified": false,
        "line_number": 278,
        "is_added": false,
        "is_removed": false
      }
    ],
    "modulos\\03-plataforma-e-entrega\\operacoes-ops\\aidd-ops\\tests\\test_coolify.py": [
      {
        "type": "Secret Keyword",
        "filename": "modulos\\03-plataforma-e-entrega\\operacoes-ops\\aidd-ops\\tests\\test_coolify.py",
        "hashed_secret": "698690b9fcf194b5d68f22f1052b2ecd6f727bfa",
        "is_verified": false,
        "line_number": 29,
        "is_added": false,
        "is_removed": false
      }
    ],
    "modulos\\03-plataforma-e-entrega\\operacoes-ops\\aidd-ops\\tests\\test_deploy.py": [
      {
        "type": "Secret Keyword",
        "filename": "modulos\\03-plataforma-e-entrega\\operacoes-ops\\aidd-ops\\tests\\test_deploy.py",
        "hashed_secret": "898d1837988e7b64fccf6b6735162f9db9026f25",
        "is_verified": false,
        "line_number": 188,
        "is_added": false,
        "is_removed": false
      }
    ]
  },
  "generated_at": "2026-10-06T00:31:44Z"
}
