{
  "version": "1.5.50",
  "plugins_used": [
    {
      "name": "ArtifactoryDetector"
    },
    {
      "name": "AWSKeyDetector"
    },
    {
      "name": "AzureStorageKeyDetector"
    },
    {
      "name": "Base64HighEntropyString",
      "limit": 4.5
    },
    {
      "name": "BasicAuthDetector"
    },
    {
      "name": "CloudantDetector"
    },
    {
      "name": "DiscordBotTokenDetector"
    },
    {
      "name": "GitHubTokenDetector"
    },
    {
      "name": "GitLabTokenDetector"
    },
    {
      "name": "HexHighEntropyString",
      "limit": 3.0
    },
    {
      "name": "IbmCloudIamDetector"
    },
    {
      "name": "IbmCosHmacDetector"
    },
    {
      "name": "IPPublicDetector"
    },
    {
      "name": "JwtTokenDetector"
    },
    {
      "name": "KeywordDetector",
      "keyword_exclude": ""
    },
    {
      "name": "MailchimpDetector"
    },
    {
      "name": "NpmDetector"
    },
    {
      "name": "OpenAIDetector"
    },
    {
      "name": "PrivateKeyDetector"
    },
    {
      "name": "PypiTokenDetector"
    },
    {
      "name": "SendGridDetector"
    },
    {
      "name": "SlackDetector"
    },
    {
      "name": "SoftlayerDetector"
    },
    {
      "name": "SquareOAuthDetector"
    },
    {
      "name": "StripeDetector"
    },
    {
      "name": "TelegramBotTokenDetector"
    },
    {
      "name": "TwilioKeyDetector"
    }
  ],
  "filters_used": [
    {
      "path": "detect_secrets.filters.allowlist.is_line_allowlisted"
    },
    {
      "path": "detect_secrets.filters.common.is_baseline_file",
      "filename": ".secrets.baseline"
    },
    {
      "path": "detect_secrets.filters.common.is_ignored_due_to_verification_policies",
      "min_level": 2
    },
    {
      "path": "detect_secrets.filters.heuristic.is_indirect_reference"
    },
    {
      "path": "detect_secrets.filters.heuristic.is_likely_id_string"
    },
    {
      "path": "detect_secrets.filters.heuristic.is_lock_file"
    },
    {
      "path": "detect_secrets.filters.heuristic.is_not_alphanumeric_string"
    },
    {
      "path": "detect_secrets.filters.heuristic.is_potential_uuid"
    },
    {
      "path": "detect_secrets.filters.heuristic.is_prefixed_with_dollar_sign"
    },
    {
      "path": "detect_secrets.filters.heuristic.is_sequential_string"
    },
    {
      "path": "detect_secrets.filters.heuristic.is_swagger_file"
    },
    {
      "path": "detect_secrets.filters.heuristic.is_templated_secret"
    }
  ],
  "results": {
    "chaves\\manifesto\\ed25519_public.json": [
      {
        "type": "Base64 High Entropy String",
        "filename": "chaves\\manifesto\\ed25519_public.json",
        "hashed_secret": "36e9f2deac8cba1fd63260ea92eb215a270a0a41",
        "is_verified": false,
        "line_number": 3,
        "is_secret": false,
        "is_added": false,
        "is_removed": false
      }
    ],
    "componentes\\compartilhado\\moldes\\infra\\nginx\\ssl\\generate_ssl.py": [
      {
        "type": "Private Key",
        "filename": "componentes\\compartilhado\\moldes\\infra\\nginx\\ssl\\generate_ssl.py",
        "hashed_secret": "bc839f9c442173490e7622bc747c3e7e8e0569d5",
        "is_verified": false,
        "line_number": 36,
        "is_secret": false,
        "is_added": false,
        "is_removed": false
      }
    ],
    "componentes\\compartilhado\\src-core\\database_adapter.py": [
      {
        "type": "Basic Auth Credentials",
        "filename": "componentes\\compartilhado\\src-core\\database_adapter.py",
        "hashed_secret": "9d4e1e23bd5b727046a9e3b4b7db57bd8d6ee684",
        "is_verified": false,
        "line_number": 405,
        "is_secret": false,
        "is_added": false,
        "is_removed": false
      }
    ],
    "componentes\\compartilhado\\src-core\\security.py": [
      {
        "type": "Secret Keyword",
        "filename": "componentes\\compartilhado\\src-core\\security.py",
        "hashed_secret": "00152cc133802e6ea6ea28a3181119fd50151e68",
        "is_verified": false,
        "line_number": 15,
        "is_secret": false,
        "is_added": false,
        "is_removed": false
      }
    ],
    "docs\\auditoria\\modularizacao-vsa\\ciclo-01\\MANIFESTO-VSA-MODULOS.json": [
      {
        "type": "Hex High Entropy String",
        "filename": "docs\\auditoria\\modularizacao-vsa\\ciclo-01\\MANIFESTO-VSA-MODULOS.json",
        "hashed_secret": "89e466718879ae921ca28f14a3e78ab15f17a6da",
        "is_verified": false,
        "line_number": 56,
        "is_added": false,
        "is_removed": false
      }
    ],
    "docs\\auditoria\\modularizacao-vsa\\ciclo-03\\PLANO-EVOLUCAO-BLOCO-4.json": [
      {
        "type": "Base64 High Entropy String",
        "filename": "docs\\auditoria\\modularizacao-vsa\\ciclo-03\\PLANO-EVOLUCAO-BLOCO-4.json",
        "hashed_secret": "e2637cbea25d11fcd65ffa3e2270d340f80432a9",
        "is_verified": false,
        "line_number": 23,
        "is_added": false,
        "is_removed": false
      }
    ],
    "docs\\livros\\04-10-2026_LIVRO-ECOSSISTEMA-AIDD.md": [
      {
        "type": "Secret Keyword",
        "filename": "docs\\livros\\04-10-2026_LIVRO-ECOSSISTEMA-AIDD.md",
        "hashed_secret": "2a791309bf5dfd4b5540e0b7a1dc3ad07e577519",
        "is_verified": false,
        "line_number": 444,
        "is_added": false,
        "is_removed": false
      }
    ],
    "docs\\livros\\09-10-2026_LIVRO-ECOSSISTEMA-AIDD.md": [
      {
        "type": "Secret Keyword",
        "filename": "docs\\livros\\09-10-2026_LIVRO-ECOSSISTEMA-AIDD.md",
        "hashed_secret": "8cb9fd85ae4728e36cdeabc42ab499f50780575b",
        "is_verified": false,
        "line_number": 454,
        "is_added": false,
        "is_removed": false
      }
    ],
    "docs\\livros\\19-09-2026_LIVRO-ECOSSISTEMA-AIDD.md": [
      {
        "type": "Secret Keyword",
        "filename": "docs\\livros\\19-09-2026_LIVRO-ECOSSISTEMA-AIDD.md",
        "hashed_secret": "2a791309bf5dfd4b5540e0b7a1dc3ad07e577519",
        "is_verified": false,
        "line_number": 406,
        "is_added": false,
        "is_removed": false
      }
    ],
    "docs\\livros\\20-09-2026_LIVRO-ECOSSISTEMA-AIDD.md": [
      {
        "type": "Secret Keyword",
        "filename": "docs\\livros\\20-09-2026_LIVRO-ECOSSISTEMA-AIDD.md",
        "hashed_secret": "2a791309bf5dfd4b5540e0b7a1dc3ad07e577519",
        "is_verified": false,
        "line_number": 406,
        "is_added": false,
        "is_removed": false
      }
    ],
    "docs\\livros\\21-09-2026_LIVRO-ECOSSISTEMA-AIDD.md": [
      {
        "type": "Secret Keyword",
        "filename": "docs\\livros\\21-09-2026_LIVRO-ECOSSISTEMA-AIDD.md",
        "hashed_secret": "2a791309bf5dfd4b5540e0b7a1dc3ad07e577519",
        "is_verified": false,
        "line_number": 443,
        "is_added": false,
        "is_removed": false
      }
    ],
    "docs\\livros\\22-09-2026_LIVRO-ECOSSISTEMA-AIDD.md": [
      {
        "type": "Secret Keyword",
        "filename": "docs\\livros\\22-09-2026_LIVRO-ECOSSISTEMA-AIDD.md",
        "hashed_secret": "2a791309bf5dfd4b5540e0b7a1dc3ad07e577519",
        "is_verified": false,
        "line_number": 404,
        "is_added": false,
        "is_removed": false
      }
    ],
    "docs\\livros\\23-09-2026_LIVRO-ECOSSISTEMA-AIDD.md": [
      {
        "type": "Secret Keyword",
        "filename": "docs\\livros\\23-09-2026_LIVRO-ECOSSISTEMA-AIDD.md",
        "hashed_secret": "2a791309bf5dfd4b5540e0b7a1dc3ad07e577519",
        "is_verified": false,
        "line_number": 443,
        "is_added": false,
        "is_removed": false
      }
    ],
    "docs\\livros\\24-09-2026_LIVRO-ECOSSISTEMA-AIDD.md": [
      {
        "type": "Secret Keyword",
        "filename": "docs\\livros\\24-09-2026_LIVRO-ECOSSISTEMA-AIDD.md",
        "hashed_secret": "2a791309bf5dfd4b5540e0b7a1dc3ad07e577519",
        "is_verified": false,
        "line_number": 444,
        "is_added": false,
        "is_removed": false
      }
    ],
    "docs\\livros\\25-09-2026_LIVRO-ECOSSISTEMA-AIDD.md": [
      {
        "type": "Secret Keyword",
        "filename": "docs\\livros\\25-09-2026_LIVRO-ECOSSISTEMA-AIDD.md",
        "hashed_secret": "2a791309bf5dfd4b5540e0b7a1dc3ad07e577519",
        "is_verified": false,
        "line_number": 444,
        "is_added": false,
        "is_removed": false
      }
    ],
    "docs\\livros\\livro.json": [
      {
        "type": "Hex High Entropy String",
        "filename": "docs\\livros\\livro.json",
        "hashed_secret": "aae80594cecef1f835e79b24d47c0b06d5ada874",
        "is_verified": false,
        "line_number": 19,
        "is_added": false,
        "is_removed": false
      },
      {
        "type": "Hex High Entropy String",
        "filename": "docs\\livros\\livro.json",
        "hashed_secret": "8a5165f3581374c87846b0dd8b998a6db690d230",
        "is_verified": false,
        "line_number": 25,
        "is_added": false,
        "is_removed": false
      },
      {
        "type": "Hex High Entropy String",
        "filename": "docs\\livros\\livro.json",
        "hashed_secret": "5e64db132a9748cdcfc53c93fe0d31eedf54683f",
        "is_verified": false,
        "line_number": 31,
        "is_added": false,
        "is_removed": false
      },
      {
        "type": "Hex High Entropy String",
        "filename": "docs\\livros\\livro.json",
        "hashed_secret": "7ef833c220a4c7dd0b50222bf89cd99459c93f04",
        "is_verified": false,
        "line_number": 37,
        "is_added": false,
        "is_removed": false
      },
      {
        "type": "Hex High Entropy String",
        "filename": "docs\\livros\\livro.json",
        "hashed_secret": "726739c90595a857a238600814c8381bcc78159a",
        "is_verified": false,
        "line_number": 43,
        "is_added": false,
        "is_removed": false
      },
      {
        "type": "Hex High Entropy String",
        "filename": "docs\\livros\\livro.json",
        "hashed_secret": "8d8b563ac7a6061d00714586c322e7d84f20a8ed",
        "is_verified": false,
        "line_number": 49,
        "is_added": false,
        "is_removed": false
      },
      {
        "type": "Hex High Entropy String",
        "filename": "docs\\livros\\livro.json",
        "hashed_secret": "421b0f0faeb6576c1a42b6b69a750bf4054fc24d",
        "is_verified": false,
        "line_number": 55,
        "is_added": false,
        "is_removed": false
      },
      {
        "type": "Hex High Entropy String",
        "filename": "docs\\livros\\livro.json",
        "hashed_secret": "def67ad6000356825623891498bd9d4434eceb44",
        "is_verified": false,
        "line_number": 61,
        "is_added": false,
        "is_removed": false
      }
    ],
    "docs\\livros\\mapas-aidd\\livro.json": [
      {
        "type": "Hex High Entropy String",
        "filename": "docs\\livros\\mapas-aidd\\livro.json",
        "hashed_secret": "0b5202ff854b0025524d79aadf972f525256769b",
        "is_verified": false,
        "line_number": 18,
        "is_added": false,
        "is_removed": false
      }
    ],
    "docs\\livros\\partes\\01-macro.md": [
      {
        "type": "Secret Keyword",
        "filename": "docs\\livros\\partes\\01-macro.md",
        "hashed_secret": "8cb9fd85ae4728e36cdeabc42ab499f50780575b",
        "is_verified": false,
        "line_number": 350,
        "is_added": false,
        "is_removed": false
      }
    ],
    "docs\\mapas-visuais\\MANIFESTO-MAPAS.json": [
      {
        "type": "Hex High Entropy String",
        "filename": "docs\\mapas-visuais\\MANIFESTO-MAPAS.json",
        "hashed_secret": "8b53f82742551919bce584281b101421748e6055",
        "is_verified": false,
        "line_number": 4,
        "is_added": false,
        "is_removed": false
      },
      {
        "type": "Hex High Entropy String",
        "filename": "docs\\mapas-visuais\\MANIFESTO-MAPAS.json",
        "hashed_secret": "694d6547db36a1eefc1a584b27c17e8697447209",
        "is_verified": false,
        "line_number": 10,
        "is_added": false,
        "is_removed": false
      },
      {
        "type": "Hex High Entropy String",
        "filename": "docs\\mapas-visuais\\MANIFESTO-MAPAS.json",
        "hashed_secret": "09bee67693e0f49b9faa202e7faeea16574d48c5",
        "is_verified": false,
        "line_number": 17,
        "is_added": false,
        "is_removed": false
      },
      {
        "type": "Hex High Entropy String",
        "filename": "docs\\mapas-visuais\\MANIFESTO-MAPAS.json",
        "hashed_secret": "9a30094b817f2ef11110a33d3d63503600880c6b",
        "is_verified": false,
        "line_number": 24,
        "is_added": false,
        "is_removed": false
      },
      {
        "type": "Hex High Entropy String",
        "filename": "docs\\mapas-visuais\\MANIFESTO-MAPAS.json",
        "hashed_secret": "2f467d163a9a94604cc182a95f0e57f2095ef6af",
        "is_verified": false,
        "line_number": 31,
        "is_added": false,
        "is_removed": false
      },
      {
        "type": "Hex High Entropy String",
        "filename": "docs\\mapas-visuais\\MANIFESTO-MAPAS.json",
        "hashed_secret": "3c9d7136ac3dcff7e1ba661e63f776a786a00053",
        "is_verified": false,
        "line_number": 38,
        "is_added": false,
        "is_removed": false
      },
      {
        "type": "Hex High Entropy String",
        "filename": "docs\\mapas-visuais\\MANIFESTO-MAPAS.json",
        "hashed_secret": "4ea302ec651e850c5968db9d7b335b971a8632d0",
        "is_verified": false,
        "line_number": 45,
        "is_added": false,
        "is_removed": false
      },
      {
        "type": "Hex High Entropy String",
        "filename": "docs\\mapas-visuais\\MANIFESTO-MAPAS.json",
        "hashed_secret": "a4ca536c5e9e5e144dea4c5c3baa2e73b9d77e62",
        "is_verified": false,
        "line_number": 52,
        "is_added": false,
        "is_removed": false
      },
      {
        "type": "Hex High Entropy String",
        "filename": "docs\\mapas-visuais\\MANIFESTO-MAPAS.json",
        "hashed_secret": "63168e4d75a67e41334f416e05a200435bfee950",
        "is_verified": false,
        "line_number": 59,
        "is_added": false,
        "is_removed": false
      },
      {
        "type": "Hex High Entropy String",
        "filename": "docs\\mapas-visuais\\MANIFESTO-MAPAS.json",
        "hashed_secret": "b74356c0bbfceef4711eebb84a6b1f1d71bbae7f",
        "is_verified": false,
        "line_number": 66,
        "is_added": false,
        "is_removed": false
      },
      {
        "type": "Hex High Entropy String",
        "filename": "docs\\mapas-visuais\\MANIFESTO-MAPAS.json",
        "hashed_secret": "028e8bc2ecf6dcbcdf544dcf4627bfc777ee7c65",
        "is_verified": false,
        "line_number": 73,
        "is_added": false,
        "is_removed": false
      },
      {
        "type": "Hex High Entropy String",
        "filename": "docs\\mapas-visuais\\MANIFESTO-MAPAS.json",
        "hashed_secret": "460286434e9add1fd6dbce4b16f953700853ac56",
        "is_verified": false,
        "line_number": 80,
        "is_added": false,
        "is_removed": false
      },
      {
        "type": "Hex High Entropy String",
        "filename": "docs\\mapas-visuais\\MANIFESTO-MAPAS.json",
        "hashed_secret": "b7cfd5ecd5cd7654336971507fee2e19b47be206",
        "is_verified": false,
        "line_number": 87,
        "is_added": false,
        "is_removed": false
      },
      {
        "type": "Hex High Entropy String",
        "filename": "docs\\mapas-visuais\\MANIFESTO-MAPAS.json",
        "hashed_secret": "696c5fa27f5a83fdf12482ca7b8d9fe5ae4a9cf1",
        "is_verified": false,
        "line_number": 94,
        "is_added": false,
        "is_removed": false
      },
      {
        "type": "Hex High Entropy String",
        "filename": "docs\\mapas-visuais\\MANIFESTO-MAPAS.json",
        "hashed_secret": "d7ac35630b5cf8b36edfddf99a77450949654897",
        "is_verified": false,
        "line_number": 101,
        "is_added": false,
        "is_removed": false
      },
      {
        "type": "Hex High Entropy String",
        "filename": "docs\\mapas-visuais\\MANIFESTO-MAPAS.json",
        "hashed_secret": "ba2e8b5d0bef8f700f1676fe8f3854049a21c553",
        "is_verified": false,
        "line_number": 108,
        "is_added": false,
        "is_removed": false
      },
      {
        "type": "Hex High Entropy String",
        "filename": "docs\\mapas-visuais\\MANIFESTO-MAPAS.json",
        "hashed_secret": "62d5080ee2c5df475bdbe7037fc8f06378a40376",
        "is_verified": false,
        "line_number": 115,
        "is_added": false,
        "is_removed": false
      },
      {
        "type": "Hex High Entropy String",
        "filename": "docs\\mapas-visuais\\MANIFESTO-MAPAS.json",
        "hashed_secret": "f6d59d74eb32d9664e59db7b76b38a813dd4cba5",
        "is_verified": false,
        "line_number": 122,
        "is_added": false,
        "is_removed": false
      },
      {
        "type": "Hex High Entropy String",
        "filename": "docs\\mapas-visuais\\MANIFESTO-MAPAS.json",
        "hashed_secret": "dd94a7447bae4ad94a1b864e95a06f8190805900",
        "is_verified": false,
        "line_number": 129,
        "is_added": false,
        "is_removed": false
      },
      {
        "type": "Hex High Entropy String",
        "filename": "docs\\mapas-visuais\\MANIFESTO-MAPAS.json",
        "hashed_secret": "2abdc5607ddfb2745a242cd64c46b16e9528b97d",
        "is_verified": false,
        "line_number": 136,
        "is_added": false,
        "is_removed": false
      },
      {
        "type": "Hex High Entropy String",
        "filename": "docs\\mapas-visuais\\MANIFESTO-MAPAS.json",
        "hashed_secret": "1b31aa35f6eb8dc24d801c06fed0682831db2b48",
        "is_verified": false,
        "line_number": 143,
        "is_added": false,
        "is_removed": false
      },
      {
        "type": "Hex High Entropy String",
        "filename": "docs\\mapas-visuais\\MANIFESTO-MAPAS.json",
        "hashed_secret": "d333e2da0e789ec34655e553e4376fc7633f3ed5",
        "is_verified": false,
        "line_number": 150,
        "is_added": false,
        "is_removed": false
      },
      {
        "type": "Hex High Entropy String",
        "filename": "docs\\mapas-visuais\\MANIFESTO-MAPAS.json",
        "hashed_secret": "bcc3312ea114d4d61dd4cabae2391cbf77c2346a",
        "is_verified": false,
        "line_number": 157,
        "is_added": false,
        "is_removed": false
      },
      {
        "type": "Hex High Entropy String",
        "filename": "docs\\mapas-visuais\\MANIFESTO-MAPAS.json",
        "hashed_secret": "548bf65cf406a22b9c555854d7c73b594df1e9af",
        "is_verified": false,
        "line_number": 164,
        "is_added": false,
        "is_removed": false
      },
      {
        "type": "Hex High Entropy String",
        "filename": "docs\\mapas-visuais\\MANIFESTO-MAPAS.json",
        "hashed_secret": "52ca08d5b8fcf39162932a21b0f4088d2853eccd",
        "is_verified": false,
        "line_number": 171,
        "is_added": false,
        "is_removed": false
      },
      {
        "type": "Hex High Entropy String",
        "filename": "docs\\mapas-visuais\\MANIFESTO-MAPAS.json",
        "hashed_secret": "76cd4d453b0fe819415a13ced8ceb4f32530cbaf",
        "is_verified": false,
        "line_number": 178,
        "is_added": false,
        "is_removed": false
      },
      {
        "type": "Hex High Entropy String",
        "filename": "docs\\mapas-visuais\\MANIFESTO-MAPAS.json",
        "hashed_secret": "b6af6c8fdff815b3230cebfcbe3e331f94d0f36a",
        "is_verified": false,
        "line_number": 185,
        "is_added": false,
        "is_removed": false
      },
      {
        "type": "Hex High Entropy String",
        "filename": "docs\\mapas-visuais\\MANIFESTO-MAPAS.json",
        "hashed_secret": "8235c835b390db468d6042fbfbf56842ab7d6c00",
        "is_verified": false,
        "line_number": 192,
        "is_added": false,
        "is_removed": false
      },
      {
        "type": "Hex High Entropy String",
        "filename": "docs\\mapas-visuais\\MANIFESTO-MAPAS.json",
        "hashed_secret": "e1d3d744666e13da8051190cf44c47205a62b2c3",
        "is_verified": false,
        "line_number": 199,
        "is_added": false,
        "is_removed": false
      },
      {
        "type": "Hex High Entropy String",
        "filename": "docs\\mapas-visuais\\MANIFESTO-MAPAS.json",
        "hashed_secret": "a1481c01f28a04488ae89df5548e970428628cd4",
        "is_verified": false,
        "line_number": 206,
        "is_added": false,
        "is_removed": false
      },
      {
        "type": "Hex High Entropy String",
        "filename": "docs\\mapas-visuais\\MANIFESTO-MAPAS.json",
        "hashed_secret": "e06d703640e4342a23c98b463ec25ad2f4508630",
        "is_verified": false,
        "line_number": 213,
        "is_added": false,
        "is_removed": false
      },
      {
        "type": "Hex High Entropy String",
        "filename": "docs\\mapas-visuais\\MANIFESTO-MAPAS.json",
        "hashed_secret": "b1c1c9c99d186ee4386a86bc38a9f8246e4db681",
        "is_verified": false,
        "line_number": 220,
        "is_added": false,
        "is_removed": false
      },
      {
        "type": "Hex High Entropy String",
        "filename": "docs\\mapas-visuais\\MANIFESTO-MAPAS.json",
        "hashed_secret": "c7d5766b57c4b108d3b588697716c6d0d8efbfc7",
        "is_verified": false,
        "line_number": 227,
        "is_added": false,
        "is_removed": false
      },
      {
        "type": "Hex High Entropy String",
        "filename": "docs\\mapas-visuais\\MANIFESTO-MAPAS.json",
        "hashed_secret": "ea088cb2c3ed13d2a7e911ae9a23ca3dbc9c7996",
        "is_verified": false,
        "line_number": 237,
        "is_added": false,
        "is_removed": false
      },
      {
        "type": "Hex High Entropy String",
        "filename": "docs\\mapas-visuais\\MANIFESTO-MAPAS.json",
        "hashed_secret": "7fb01ab238aab6c5c07ad253af890e39bba485a4",
        "is_verified": false,
        "line_number": 241,
        "is_added": false,
        "is_removed": false
      },
      {
        "type": "Hex High Entropy String",
        "filename": "docs\\mapas-visuais\\MANIFESTO-MAPAS.json",
        "hashed_secret": "d8cc74352a786cda398b7cc5a6e8c4f2f1ec198c",
        "is_verified": false,
        "line_number": 245,
        "is_added": false,
        "is_removed": false
      },
      {
        "type": "Hex High Entropy String",
        "filename": "docs\\mapas-visuais\\MANIFESTO-MAPAS.json",
        "hashed_secret": "df7db44197171013f1335cf9768d1ff4a1fd5f0c",
        "is_verified": false,
        "line_number": 249,
        "is_added": false,
        "is_removed": false
      },
      {
        "type": "Hex High Entropy String",
        "filename": "docs\\mapas-visuais\\MANIFESTO-MAPAS.json",
        "hashed_secret": "997bd99e72d904aca4713263e8b6b049057f7635",
        "is_verified": false,
        "line_number": 253,
        "is_added": false,
        "is_removed": false
      },
      {
        "type": "Hex High Entropy String",
        "filename": "docs\\mapas-visuais\\MANIFESTO-MAPAS.json",
        "hashed_secret": "4cab2a6bc0e8ce3aac87e500d1327d272bbfbdc2",
        "is_verified": false,
        "line_number": 257,
        "is_added": false,
        "is_removed": false
      },
      {
        "type": "Hex High Entropy String",
        "filename": "docs\\mapas-visuais\\MANIFESTO-MAPAS.json",
        "hashed_secret": "5cfcf4164ef5a10e93271b203616b1bb14258514",
        "is_verified": false,
        "line_number": 261,
        "is_added": false,
        "is_removed": false
      },
      {
        "type": "Hex High Entropy String",
        "filename": "docs\\mapas-visuais\\MANIFESTO-MAPAS.json",
        "hashed_secret": "15d6f2230b5ace0160ebc82f9cf3298f6e4a4b3d",
        "is_verified": false,
        "line_number": 265,
        "is_added": false,
        "is_removed": false
      },
      {
        "type": "Hex High Entropy String",
        "filename": "docs\\mapas-visuais\\MANIFESTO-MAPAS.json",
        "hashed_secret": "ded85b8c0b31af9c0ae419786020b3c6cce5cf5c",
        "is_verified": false,
        "line_number": 272,
        "is_added": false,
        "is_removed": false
      }
    ],
    "docs\\melhorias\\14-09-2026_melhoria-aidd-factory-plano-implementacao.json": [
      {
        "type": "Secret Keyword",
        "filename": "docs\\melhorias\\14-09-2026_melhoria-aidd-factory-plano-implementacao.json",
        "hashed_secret": "ee0ce96370b8b6d32b31b4ff02b8dc73ca328551",
        "is_verified": false,
        "line_number": 474,
        "is_secret": false,
        "is_added": false,
        "is_removed": false
      }
    ],
    "docs\\relatorios\\13-09-2026_relatorio-comparativo-engenharia-fronteira.json": [
      {
        "type": "Secret Keyword",
        "filename": "docs\\relatorios\\13-09-2026_relatorio-comparativo-engenharia-fronteira.json",
        "hashed_secret": "1576d7da3c4816387f357ad6644a50adb06460a2",
        "is_verified": false,
        "line_number": 8,
        "is_added": false,
        "is_removed": false
      }
    ],
    "handoff-forge.json": [
      {
        "type": "Hex High Entropy String",
        "filename": "handoff-forge.json",
        "hashed_secret": "9b5cfa4c46546458c2460e1b292c21c41506a219",
        "is_verified": false,
        "line_number": 6,
        "is_secret": false,
        "is_added": false,
        "is_removed": false
      },
      {
        "type": "Hex High Entropy String",
        "filename": "handoff-forge.json",
        "hashed_secret": "035f35b1699894cf46156e18c8baa28e78ceb522",
        "is_verified": false,
        "line_number": 11,
        "is_secret": false,
        "is_added": false,
        "is_removed": false
      },
      {
        "type": "Hex High Entropy String",
        "filename": "handoff-forge.json",
        "hashed_secret": "d74cdea30bd12261fe760a27d7e4b3f78265fb72",
        "is_verified": false,
        "line_number": 16,
        "is_secret": false,
        "is_added": false,
        "is_removed": false
      },
      {
        "type": "Hex High Entropy String",
        "filename": "handoff-forge.json",
        "hashed_secret": "ee616da117e466dba9748f660018f7b2a168ae0b",
        "is_verified": false,
        "line_number": 21,
        "is_secret": false,
        "is_added": false,
        "is_removed": false
      },
      {
        "type": "Hex High Entropy String",
        "filename": "handoff-forge.json",
        "hashed_secret": "fc632856f3a6048fcc147d82d49c03c638b732c9",
        "is_verified": false,
        "line_number": 26,
        "is_secret": false,
        "is_added": false,
        "is_removed": false
      },
      {
        "type": "Hex High Entropy String",
        "filename": "handoff-forge.json",
        "hashed_secret": "d1246acffb6363110c9d9565a0062d1c5e8598e5",
        "is_verified": false,
        "line_number": 31,
        "is_secret": false,
        "is_added": false,
        "is_removed": false
      },
      {
        "type": "Hex High Entropy String",
        "filename": "handoff-forge.json",
        "hashed_secret": "061c4e1c18dd373a8b841907261110a4beffbafe",
        "is_verified": false,
        "line_number": 36,
        "is_secret": false,
        "is_added": false,
        "is_removed": false
      },
      {
        "type": "Hex High Entropy String",
        "filename": "handoff-forge.json",
        "hashed_secret": "d0ca62e54d0762ba464c7947c4ee6ee6bae5446c",
        "is_verified": false,
        "line_number": 41,
        "is_secret": false,
        "is_added": false,
        "is_removed": false
      }
    ],
    "handoff-melhoria.json": [
      {
        "type": "Hex High Entropy String",
        "filename": "handoff-melhoria.json",
        "hashed_secret": "4f823cbc8bfba0287577038ff165ad8eda837571",
        "is_verified": false,
        "line_number": 16,
        "is_added": false,
        "is_removed": false
      },
      {
        "type": "Hex High Entropy String",
        "filename": "handoff-melhoria.json",
        "hashed_secret": "abf98d99cb6fe8779d312dd561753bfd98eaf320",
        "is_verified": false,
        "line_number": 27,
        "is_added": false,
        "is_removed": false
      }
    ],
    "modulos\\01-governanca-e-qualidade\\core\\aidd-forge\\tests\\integration\\test_full_forge_pipeline.py": [
      {
        "type": "Secret Keyword",
        "filename": "modulos\\01-governanca-e-qualidade\\core\\aidd-forge\\tests\\integration\\test_full_forge_pipeline.py",
        "hashed_secret": "141b5163c869b47d849bcdb32f848463a7312903",
        "is_verified": false,
        "line_number": 121,
        "is_added": false,
        "is_removed": false
      }
    ],
    "modulos\\01-governanca-e-qualidade\\core\\aidd-forge\\tests\\unit\\test_gates.py": [
      {
        "type": "AWS Access Key",
        "filename": "modulos\\01-governanca-e-qualidade\\core\\aidd-forge\\tests\\unit\\test_gates.py",
        "hashed_secret": "abac545fc3bf803134bc8f78fb6160a5c6a87b26",
        "is_verified": false,
        "line_number": 79,
        "is_added": false,
        "is_removed": false
      },
      {
        "type": "Secret Keyword",
        "filename": "modulos\\01-governanca-e-qualidade\\core\\aidd-forge\\tests\\unit\\test_gates.py",
        "hashed_secret": "46c1531c650ec2f606ff44de9b1df25752decee7",
        "is_verified": false,
        "line_number": 89,
        "is_added": false,
        "is_removed": false
      },
      {
        "type": "Secret Keyword",
        "filename": "modulos\\01-governanca-e-qualidade\\core\\aidd-forge\\tests\\unit\\test_gates.py",
        "hashed_secret": "fa9beb99e4029ad5a6615399e7bbae21356086b3",
        "is_verified": false,
        "line_number": 98,
        "is_added": false,
        "is_removed": false
      }
    ],
    "modulos\\02-triade-motores\\fluxo-01-pure\\core\\aidd-pure\\HARNESS-COMPAT.json": [
      {
        "type": "Hex High Entropy String",
        "filename": "modulos\\02-triade-motores\\fluxo-01-pure\\core\\aidd-pure\\HARNESS-COMPAT.json",
        "hashed_secret": "6674a6dacc07a51f1bb4d6d5562ca09759bff6fe",
        "is_verified": false,
        "line_number": 130,
        "is_added": false,
        "is_removed": false
      }
    ],
    "modulos\\02-triade-motores\\fluxo-01-pure\\core\\aidd-pure\\PLANO-EXECUCAO-ESTRUTURADO.json": [
      {
        "type": "Secret Keyword",
        "filename": "modulos\\02-triade-motores\\fluxo-01-pure\\core\\aidd-pure\\PLANO-EXECUCAO-ESTRUTURADO.json",
        "hashed_secret": "582ba960631af993e6851968c305f7188bc09459",
        "is_verified": false,
        "line_number": 914,
        "is_added": false,
        "is_removed": false
      }
    ],
    "modulos\\02-triade-motores\\fluxo-01-pure\\core\\aidd-pure\\docs\\PRINCIPIO-UNIVERSALIDADE.md": [
      {
        "type": "Secret Keyword",
        "filename": "modulos\\02-triade-motores\\fluxo-01-pure\\core\\aidd-pure\\docs\\PRINCIPIO-UNIVERSALIDADE.md",
        "hashed_secret": "ae249d30125c96a0ae32e234105a94cd7e9b7cc1",
        "is_verified": false,
        "line_number": 277,
        "is_added": false,
        "is_removed": false
      }
    ],
    "modulos\\02-triade-motores\\fluxo-01-pure\\core\\aidd-pure\\scripts\\phases\\utils_delegacao.py": [
      {
        "type": "Secret Keyword",
        "filename": "modulos\\02-triade-motores\\fluxo-01-pure\\core\\aidd-pure\\scripts\\phases\\utils_delegacao.py",
        "hashed_secret": "ae249d30125c96a0ae32e234105a94cd7e9b7cc1",
        "is_verified": false,
        "line_number": 846,
        "is_added": false,
        "is_removed": false
      }
    ],
    "modulos\\02-triade-motores\\fluxo-01-pure\\core\\aidd-pure\\tests\\test_gate_cybersecurity_owasp.py": [
      {
        "type": "Base64 High Entropy String",
        "filename": "modulos\\02-triade-motores\\fluxo-01-pure\\core\\aidd-pure\\tests\\test_gate_cybersecurity_owasp.py",
        "hashed_secret": "fcfeaaf6e69a5ff4dbf9e7553935810e78c283c2",
        "is_verified": false,
        "line_number": 91,
        "is_added": false,
        "is_removed": false
      },
      {
        "type": "Secret Keyword",
        "filename": "modulos\\02-triade-motores\\fluxo-01-pure\\core\\aidd-pure\\tests\\test_gate_cybersecurity_owasp.py",
        "hashed_secret": "fcfeaaf6e69a5ff4dbf9e7553935810e78c283c2",
        "is_verified": false,
        "line_number": 91,
        "is_added": false,
        "is_removed": false
      },
      {
        "type": "Basic Auth Credentials",
        "filename": "modulos\\02-triade-motores\\fluxo-01-pure\\core\\aidd-pure\\tests\\test_gate_cybersecurity_owasp.py",
        "hashed_secret": "3decd49a6c6dce88c16a85b9a8e42b51aa36f1e2",
        "is_verified": false,
        "line_number": 92,
        "is_added": false,
        "is_removed": false
      }
    ],
    "modulos\\02-triade-motores\\fluxo-01-pure\\core\\aidd-pure\\tests\\test_phase_05.py": [
      {
        "type": "Secret Keyword",
        "filename": "modulos\\02-triade-motores\\fluxo-01-pure\\core\\aidd-pure\\tests\\test_phase_05.py",
        "hashed_secret": "75d42f368b739b920ac7722c1633201de9f7edd7",
        "is_verified": false,
        "line_number": 146,
        "is_added": false,
        "is_removed": false
      }
    ],
    "modulos\\02-triade-motores\\fluxo-01-pure\\core\\aidd-pure\\tests\\test_utils_delegacao.py": [
      {
        "type": "Secret Keyword",
        "filename": "modulos\\02-triade-motores\\fluxo-01-pure\\core\\aidd-pure\\tests\\test_utils_delegacao.py",
        "hashed_secret": "ae249d30125c96a0ae32e234105a94cd7e9b7cc1",
        "is_verified": false,
        "line_number": 444,
        "is_added": false,
        "is_removed": false
      }
    ],
    "modulos\\02-triade-motores\\fluxo-01-pure\\core\\aidd-pure\\tests\\test_verificar_gates.py": [
      {
        "type": "Secret Keyword",
        "filename": "modulos\\02-triade-motores\\fluxo-01-pure\\core\\aidd-pure\\tests\\test_verificar_gates.py",
        "hashed_secret": "cfd93e647430e2dced03752028a4671ab145aea1",
        "is_verified": false,
        "line_number": 48,
        "is_added": false,
        "is_removed": false
      }
    ],
    "modulos\\02-triade-motores\\fluxo-01-pure\\core\\aidd-pure\\tests\\test_web_app.py": [
      {
        "type": "Secret Keyword",
        "filename": "modulos\\02-triade-motores\\fluxo-01-pure\\core\\aidd-pure\\tests\\test_web_app.py",
        "hashed_secret": "2e05c2b63eca077c327435998ffc726bc1538759",
        "is_verified": false,
        "line_number": 57,
        "is_added": false,
        "is_removed": false
      },
      {
        "type": "Base64 High Entropy String",
        "filename": "modulos\\02-triade-motores\\fluxo-01-pure\\core\\aidd-pure\\tests\\test_web_app.py",
        "hashed_secret": "9dddcf61cd5f237ceeb99609c0651bc78e58e701",
        "is_verified": false,
        "line_number": 88,
        "is_added": false,
        "is_removed": false
      },
      {
        "type": "Base64 High Entropy String",
        "filename": "modulos\\02-triade-motores\\fluxo-01-pure\\core\\aidd-pure\\tests\\test_web_app.py",
        "hashed_secret": "29113432d43aa93583167e3c8142613b56857309",
        "is_verified": false,
        "line_number": 111,
        "is_added": false,
        "is_removed": false
      }
    ],
    "modulos\\02-triade-motores\\fluxo-02-open\\core\\aidd-open\\scripts\\phases_open\\05_init_db.py": [
      {
        "type": "Secret Keyword",
        "filename": "modulos\\02-triade-motores\\fluxo-02-open\\core\\aidd-open\\scripts\\phases_open\\05_init_db.py",
        "hashed_secret": "6083ce03761819f91eddbb9828d2a9ad37d2ac1b",
        "is_verified": false,
        "line_number": 49,
        "is_added": false,
        "is_removed": false
      }
    ],
    "modulos\\02-triade-motores\\fluxo-02-open\\core\\aidd-open\\templates\\vsa\\security.py": [
      {
        "type": "Secret Keyword",
        "filename": "modulos\\02-triade-motores\\fluxo-02-open\\core\\aidd-open\\templates\\vsa\\security.py",
        "hashed_secret": "00152cc133802e6ea6ea28a3181119fd50151e68",
        "is_verified": false,
        "line_number": 29,
        "is_added": false,
        "is_removed": false
      }
    ],
    "modulos\\02-triade-motores\\fluxo-03-freedom\\core\\aidd-freedom\\aidd_freedom\\cli.py": [
      {
        "type": "Basic Auth Credentials",
        "filename": "modulos\\02-triade-motores\\fluxo-03-freedom\\core\\aidd-freedom\\aidd_freedom\\cli.py",
        "hashed_secret": "7751a23fa55170a57e90374df13a3ab78efe0e99",
        "is_verified": false,
        "line_number": 340,
        "is_added": false,
        "is_removed": false
      }
    ],
    "modulos\\02-triade-motores\\fluxo-03-freedom\\core\\aidd-freedom\\aidd_freedom\\data_bridge.py": [
      {
        "type": "Secret Keyword",
        "filename": "modulos\\02-triade-motores\\fluxo-03-freedom\\core\\aidd-freedom\\aidd_freedom\\data_bridge.py",
        "hashed_secret": "efba4a27230b1fd076e471700a13e29d52b02fe8",
        "is_verified": false,
        "line_number": 224,
        "is_added": false,
        "is_removed": false
      }
    ],
    "modulos\\02-triade-motores\\fluxo-03-freedom\\core\\aidd-freedom\\tests\\test_bridge.py": [
      {
        "type": "Secret Keyword",
        "filename": "modulos\\02-triade-motores\\fluxo-03-freedom\\core\\aidd-freedom\\tests\\test_bridge.py",
        "hashed_secret": "07231459bd9aa24caa9870ce32fb02135d95bacc",
        "is_verified": false,
        "line_number": 675,
        "is_added": false,
        "is_removed": false
      },
      {
        "type": "Secret Keyword",
        "filename": "modulos\\02-triade-motores\\fluxo-03-freedom\\core\\aidd-freedom\\tests\\test_bridge.py",
        "hashed_secret": "79bead8e6d65862a00cffaa12ccde1189ec34d29",
        "is_verified": false,
        "line_number": 844,
        "is_added": false,
        "is_removed": false
      },
      {
        "type": "Secret Keyword",
        "filename": "modulos\\02-triade-motores\\fluxo-03-freedom\\core\\aidd-freedom\\tests\\test_bridge.py",
        "hashed_secret": "7751a23fa55170a57e90374df13a3ab78efe0e99",
        "is_verified": false,
        "line_number": 862,
        "is_added": false,
        "is_removed": false
      }
    ],
    "modulos\\03-plataforma-e-entrega\\blindagem-enterprise\\aidd-enterprise\\scripts\\compose_suite.py": [
      {
        "type": "Basic Auth Credentials",
        "filename": "modulos\\03-plataforma-e-entrega\\blindagem-enterprise\\aidd-enterprise\\scripts\\compose_suite.py",
        "hashed_secret": "7205a0abf00d1daec13c63ece029057c974795a9",
        "is_verified": false,
        "line_number": 165,
        "is_added": false,
        "is_removed": false
      }
    ],
    "modulos\\03-plataforma-e-entrega\\blindagem-enterprise\\aidd-enterprise\\src\\core\\database_adapter.py": [
      {
        "type": "Basic Auth Credentials",
        "filename": "modulos\\03-plataforma-e-entrega\\blindagem-enterprise\\aidd-enterprise\\src\\core\\database_adapter.py",
        "hashed_secret": "9d4e1e23bd5b727046a9e3b4b7db57bd8d6ee684",
        "is_verified": false,
        "line_number": 405,
        "is_added": false,
        "is_removed": false
      }
    ],
    "modulos\\03-plataforma-e-entrega\\blindagem-enterprise\\aidd-enterprise\\src\\core\\security.py": [
      {
        "type": "Secret Keyword",
        "filename": "modulos\\03-plataforma-e-entrega\\blindagem-enterprise\\aidd-enterprise\\src\\core\\security.py",
        "hashed_secret": "00152cc133802e6ea6ea28a3181119fd50151e68",
        "is_verified": false,
        "line_number": 15,
        "is_added": false,
        "is_removed": false
      }
    ],
    "modulos\\03-plataforma-e-entrega\\blindagem-enterprise\\aidd-enterprise\\templates\\core\\security.py": [
      {
        "type": "Secret Keyword",
        "filename": "modulos\\03-plataforma-e-entrega\\blindagem-enterprise\\aidd-enterprise\\templates\\core\\security.py",
        "hashed_secret": "00152cc133802e6ea6ea28a3181119fd50151e68",
        "is_verified": false,
        "line_number": 15,
        "is_added": false,
        "is_removed": false
      }
    ],
    "modulos\\03-plataforma-e-entrega\\blindagem-enterprise\\aidd-enterprise\\templates\\rules\\camada-database.md": [
      {
        "type": "Basic Auth Credentials",
        "filename": "modulos\\03-plataforma-e-entrega\\blindagem-enterprise\\aidd-enterprise\\templates\\rules\\camada-database.md",
        "hashed_secret": "9d4e1e23bd5b727046a9e3b4b7db57bd8d6ee684",
        "is_verified": false,
        "line_number": 35,
        "is_added": false,
        "is_removed": false
      }
    ],
    "modulos\\03-plataforma-e-entrega\\blindagem-enterprise\\aidd-enterprise\\templates\\v2\\security.py": [
      {
        "type": "Secret Keyword",
        "filename": "modulos\\03-plataforma-e-entrega\\blindagem-enterprise\\aidd-enterprise\\templates\\v2\\security.py",
        "hashed_secret": "00152cc133802e6ea6ea28a3181119fd50151e68",
        "is_verified": false,
        "line_number": 15,
        "is_added": false,
        "is_removed": false
      }
    ],
    "modulos\\03-plataforma-e-entrega\\blindagem-enterprise\\aidd-enterprise\\tests\\unit\\test_database_adapter.py": [
      {
        "type": "Basic Auth Credentials",
        "filename": "modulos\\03-plataforma-e-entrega\\blindagem-enterprise\\aidd-enterprise\\tests\\unit\\test_database_adapter.py",
        "hashed_secret": "a94a8fe5ccb19ba61c4c0873d391e987982fbbd3",
        "is_verified": false,
        "line_number": 291,
        "is_added": false,
        "is_removed": false
      }
    ],
    "modulos\\03-plataforma-e-entrega\\blindagem-enterprise\\aidd-enterprise\\tests\\unit\\test_database_adapter_poliglota.py": [
      {
        "type": "Basic Auth Credentials",
        "filename": "modulos\\03-plataforma-e-entrega\\blindagem-enterprise\\aidd-enterprise\\tests\\unit\\test_database_adapter_poliglota.py",
        "hashed_secret": "1a91d62f7ca67399625a4368a6ab5d4a3baa6073",
        "is_verified": false,
        "line_number": 156,
        "is_added": false,
        "is_removed": false
      },
      {
        "type": "Basic Auth Credentials",
        "filename": "modulos\\03-plataforma-e-entrega\\blindagem-enterprise\\aidd-enterprise\\tests\\unit\\test_database_adapter_poliglota.py",
        "hashed_secret": "e5e9fa1ba31ecd1ae84f75caaa474f3a663f05f4",
        "is_verified": false,
        "line_number": 162,
        "is_added": false,
        "is_removed": false
      },
      {
        "type": "Secret Keyword",
        "filename": "modulos\\03-plataforma-e-entrega\\blindagem-enterprise\\aidd-enterprise\\tests\\unit\\test_database_adapter_poliglota.py",
        "hashed_secret": "e5e9fa1ba31ecd1ae84f75caaa474f3a663f05f4",
        "is_verified": false,
        "line_number": 261,
        "is_added": false,
        "is_removed": false
      },
      {
        "type": "Secret Keyword",
        "filename": "modulos\\03-plataforma-e-entrega\\blindagem-enterprise\\aidd-enterprise\\tests\\unit\\test_database_adapter_poliglota.py",
        "hashed_secret": "1a91d62f7ca67399625a4368a6ab5d4a3baa6073",
        "is_verified": false,
        "line_number": 274,
        "is_added": false,
        "is_removed": false
      }
    ],
    "modulos\\03-plataforma-e-entrega\\blindagem-enterprise\\aidd-enterprise\\tests\\unit\\test_fleet_discovery.py": [
      {
        "type": "Base64 High Entropy String",
        "filename": "modulos\\03-plataforma-e-entrega\\blindagem-enterprise\\aidd-enterprise\\tests\\unit\\test_fleet_discovery.py",
        "hashed_secret": "7e7374d5dff264d37a54aa193a7121ae92629fda",
        "is_verified": false,
        "line_number": 233,
        "is_added": false,
        "is_removed": false
      }
    ],
    "modulos\\03-plataforma-e-entrega\\blindagem-enterprise\\aidd-enterprise\\tests\\unit\\test_jwt_hardening.py": [
      {
        "type": "Secret Keyword",
        "filename": "modulos\\03-plataforma-e-entrega\\blindagem-enterprise\\aidd-enterprise\\tests\\unit\\test_jwt_hardening.py",
        "hashed_secret": "00152cc133802e6ea6ea28a3181119fd50151e68",
        "is_verified": false,
        "line_number": 89,
        "is_added": false,
        "is_removed": false
      },
      {
        "type": "Secret Keyword",
        "filename": "modulos\\03-plataforma-e-entrega\\blindagem-enterprise\\aidd-enterprise\\tests\\unit\\test_jwt_hardening.py",
        "hashed_secret": "4ed9683c9269554d5dcac0427e235ea993030ca4",
        "is_verified": false,
        "line_number": 101,
        "is_added": false,
        "is_removed": false
      }
    ],
    "modulos\\03-plataforma-e-entrega\\blindagem-enterprise\\aidd-enterprise\\tests\\unit\\test_oidc_sso.py": [
      {
        "type": "Secret Keyword",
        "filename": "modulos\\03-plataforma-e-entrega\\blindagem-enterprise\\aidd-enterprise\\tests\\unit\\test_oidc_sso.py",
        "hashed_secret": "f1feeb3eaf65f80b8b2c36694978031d0fe765fc",
        "is_verified": false,
        "line_number": 99,
        "is_added": false,
        "is_removed": false
      },
      {
        "type": "Secret Keyword",
        "filename": "modulos\\03-plataforma-e-entrega\\blindagem-enterprise\\aidd-enterprise\\tests\\unit\\test_oidc_sso.py",
        "hashed_secret": "2c035ac06add3f441d7b835885958b03deac3d50",
        "is_verified": false,
        "line_number": 101,
        "is_added": false,
        "is_removed": false
      },
      {
        "type": "Secret Keyword",
        "filename": "modulos\\03-plataforma-e-entrega\\blindagem-enterprise\\aidd-enterprise\\tests\\unit\\test_oidc_sso.py",
        "hashed_secret": "ad900e70ca2738c82b23f0ecac8babb8998f4e98",
        "is_verified": false,
        "line_number": 189,
        "is_added": false,
        "is_removed": false
      }
    ],
    "modulos\\03-plataforma-e-entrega\\fatiamento-master\\aidd-master\\CAPABILITIES.json": [
      {
        "type": "Hex High Entropy String",
        "filename": "modulos\\03-plataforma-e-entrega\\fatiamento-master\\aidd-master\\CAPABILITIES.json",
        "hashed_secret": "2b3b30a9805523b4136dd5be6ad362eed742fce1",
        "is_verified": false,
        "line_number": 29,
        "is_added": false,
        "is_removed": false
      }
    ],
    "modulos\\03-plataforma-e-entrega\\fatiamento-master\\aidd-master\\alembic\\versions\\20260907_9cd894b8e0bf_initial_schema_system_tables_and_modulo1.py": [
      {
        "type": "Hex High Entropy String",
        "filename": "modulos\\03-plataforma-e-entrega\\fatiamento-master\\aidd-master\\alembic\\versions\\20260907_9cd894b8e0bf_initial_schema_system_tables_and_modulo1.py",
        "hashed_secret": "c473282d585592086971146c9ab05efc3ff01571",
        "is_verified": false,
        "line_number": 3,
        "is_added": false,
        "is_removed": false
      }
    ],
    "modulos\\03-plataforma-e-entrega\\fatiamento-master\\aidd-master\\scripts\\compose_suite.py": [
      {
        "type": "Basic Auth Credentials",
        "filename": "modulos\\03-plataforma-e-entrega\\fatiamento-master\\aidd-master\\scripts\\compose_suite.py",
        "hashed_secret": "7205a0abf00d1daec13c63ece029057c974795a9",
        "is_verified": false,
        "line_number": 219,
        "is_added": false,
        "is_removed": false
      }
    ],
    "modulos\\03-plataforma-e-entrega\\fatiamento-master\\aidd-master\\src\\core\\database_adapter.py": [
      {
        "type": "Basic Auth Credentials",
        "filename": "modulos\\03-plataforma-e-entrega\\fatiamento-master\\aidd-master\\src\\core\\database_adapter.py",
        "hashed_secret": "9d4e1e23bd5b727046a9e3b4b7db57bd8d6ee684",
        "is_verified": false,
        "line_number": 405,
        "is_added": false,
        "is_removed": false
      }
    ],
    "modulos\\03-plataforma-e-entrega\\fatiamento-master\\aidd-master\\src\\core\\security.py": [
      {
        "type": "Secret Keyword",
        "filename": "modulos\\03-plataforma-e-entrega\\fatiamento-master\\aidd-master\\src\\core\\security.py",
        "hashed_secret": "00152cc133802e6ea6ea28a3181119fd50151e68",
        "is_verified": false,
        "line_number": 15,
        "is_added": false,
        "is_removed": false
      }
    ],
    "modulos\\03-plataforma-e-entrega\\fatiamento-master\\aidd-master\\templates\\rules\\camada-database.md": [
      {
        "type": "Basic Auth Credentials",
        "filename": "modulos\\03-plataforma-e-entrega\\fatiamento-master\\aidd-master\\templates\\rules\\camada-database.md",
        "hashed_secret": "9d4e1e23bd5b727046a9e3b4b7db57bd8d6ee684",
        "is_verified": false,
        "line_number": 35,
        "is_added": false,
        "is_removed": false
      }
    ],
    "modulos\\03-plataforma-e-entrega\\fatiamento-master\\aidd-master\\tests\\unit\\test_alembic_migrations.py": [
      {
        "type": "Hex High Entropy String",
        "filename": "modulos\\03-plataforma-e-entrega\\fatiamento-master\\aidd-master\\tests\\unit\\test_alembic_migrations.py",
        "hashed_secret": "c473282d585592086971146c9ab05efc3ff01571",
        "is_verified": false,
        "line_number": 241,
        "is_added": false,
        "is_removed": false
      }
    ],
    "modulos\\03-plataforma-e-entrega\\fatiamento-master\\aidd-master\\tests\\unit\\test_database_adapter.py": [
      {
        "type": "Basic Auth Credentials",
        "filename": "modulos\\03-plataforma-e-entrega\\fatiamento-master\\aidd-master\\tests\\unit\\test_database_adapter.py",
        "hashed_secret": "a94a8fe5ccb19ba61c4c0873d391e987982fbbd3",
        "is_verified": false,
        "line_number": 291,
        "is_added": false,
        "is_removed": false
      }
    ],
    "modulos\\03-plataforma-e-entrega\\fatiamento-master\\aidd-master\\tests\\unit\\test_database_adapter_poliglota.py": [
      {
        "type": "Basic Auth Credentials",
        "filename": "modulos\\03-plataforma-e-entrega\\fatiamento-master\\aidd-master\\tests\\unit\\test_database_adapter_poliglota.py",
        "hashed_secret": "1a91d62f7ca67399625a4368a6ab5d4a3baa6073",
        "is_verified": false,
        "line_number": 156,
        "is_added": false,
        "is_removed": false
      },
      {
        "type": "Basic Auth Credentials",
        "filename": "modulos\\03-plataforma-e-entrega\\fatiamento-master\\aidd-master\\tests\\unit\\test_database_adapter_poliglota.py",
        "hashed_secret": "e5e9fa1ba31ecd1ae84f75caaa474f3a663f05f4",
        "is_verified": false,
        "line_number": 162,
        "is_added": false,
        "is_removed": false
      },
      {
        "type": "Secret Keyword",
        "filename": "modulos\\03-plataforma-e-entrega\\fatiamento-master\\aidd-master\\tests\\unit\\test_database_adapter_poliglota.py",
        "hashed_secret": "e5e9fa1ba31ecd1ae84f75caaa474f3a663f05f4",
        "is_verified": false,
        "line_number": 261,
        "is_added": false,
        "is_removed": false
      },
      {
        "type": "Secret Keyword",
        "filename": "modulos\\03-plataforma-e-entrega\\fatiamento-master\\aidd-master\\tests\\unit\\test_database_adapter_poliglota.py",
        "hashed_secret": "1a91d62f7ca67399625a4368a6ab5d4a3baa6073",
        "is_verified": false,
        "line_number": 274,
        "is_added": false,
        "is_removed": false
      }
    ],
    "modulos\\03-plataforma-e-entrega\\fatiamento-master\\aidd-master\\tests\\unit\\test_fleet_discovery.py": [
      {
        "type": "Base64 High Entropy String",
        "filename": "modulos\\03-plataforma-e-entrega\\fatiamento-master\\aidd-master\\tests\\unit\\test_fleet_discovery.py",
        "hashed_secret": "7e7374d5dff264d37a54aa193a7121ae92629fda",
        "is_verified": false,
        "line_number": 233,
        "is_added": false,
        "is_removed": false
      }
    ],
    "modulos\\03-plataforma-e-entrega\\fatiamento-master\\aidd-master\\tests\\unit\\test_jwt_hardening.py": [
      {
        "type": "Secret Keyword",
        "filename": "modulos\\03-plataforma-e-entrega\\fatiamento-master\\aidd-master\\tests\\unit\\test_jwt_hardening.py",
        "hashed_secret": "00152cc133802e6ea6ea28a3181119fd50151e68",
        "is_verified": false,
        "line_number": 89,
        "is_added": false,
        "is_removed": false
      },
      {
        "type": "Secret Keyword",
        "filename": "modulos\\03-plataforma-e-entrega\\fatiamento-master\\aidd-master\\tests\\unit\\test_jwt_hardening.py",
        "hashed_secret": "4ed9683c9269554d5dcac0427e235ea993030ca4",
        "is_verified": false,
        "line_number": 101,
        "is_added": false,
        "is_removed": false
      }
    ],
    "modulos\\03-plataforma-e-entrega\\fatiamento-master\\aidd-master\\tests\\unit\\test_oidc_sso.py": [
      {
        "type": "Secret Keyword",
        "filename": "modulos\\03-plataforma-e-entrega\\fatiamento-master\\aidd-master\\tests\\unit\\test_oidc_sso.py",
        "hashed_secret": "f1feeb3eaf65f80b8b2c36694978031d0fe765fc",
        "is_verified": false,
        "line_number": 99,
        "is_added": false,
        "is_removed": false
      },
      {
        "type": "Secret Keyword",
        "filename": "modulos\\03-plataforma-e-entrega\\fatiamento-master\\aidd-master\\tests\\unit\\test_oidc_sso.py",
        "hashed_secret": "2c035ac06add3f441d7b835885958b03deac3d50",
        "is_verified": false,
        "line_number": 101,
        "is_added": false,
        "is_removed": false
      },
      {
        "type": "Secret Keyword",
        "filename": "modulos\\03-plataforma-e-entrega\\fatiamento-master\\aidd-master\\tests\\unit\\test_oidc_sso.py",
        "hashed_secret": "ad900e70ca2738c82b23f0ecac8babb8998f4e98",
        "is_verified": false,
        "line_number": 189,
        "is_added": false,
        "is_removed": false
      }
    ],
    "modulos\\03-plataforma-e-entrega\\operacoes-ops\\aidd-ops\\templates\\infra\\postgres\\.env.example": [
      {
        "type": "Base64 High Entropy String",
        "filename": "modulos\\03-plataforma-e-entrega\\operacoes-ops\\aidd-ops\\templates\\infra\\postgres\\.env.example",
        "hashed_secret": "279b05e8d77db3067ea0a057b51d9537ca452d8a",
        "is_verified": false,
        "line_number": 18,
        "is_added": false,
        "is_removed": false
      }
    ],
    "modulos\\03-plataforma-e-entrega\\operacoes-ops\\aidd-ops\\templates\\infra\\postgres\\init-multiple-databases.sh": [
      {
        "type": "Secret Keyword",
        "filename": "modulos\\03-plataforma-e-entrega\\operacoes-ops\\aidd-ops\\templates\\infra\\postgres\\init-multiple-databases.sh",
        "hashed_secret": "74e0f84f8e0e2628d53cb4a02f9fcc7f2990e418",
        "is_verified": false,
        "line_number": 22,
        "is_added": false,
        "is_removed": false
      }
    ],
    "modulos\\03-plataforma-e-entrega\\operacoes-ops\\aidd-ops\\tests\\test_cofre_credenciais.py": [
      {
        "type": "Base64 High Entropy String",
        "filename": "modulos\\03-plataforma-e-entrega\\operacoes-ops\\aidd-ops\\tests\\test_cofre_credenciais.py",
        "hashed_secret": "e57768775c28f94ed6116896ac722ffbc92206b7",
        "is_verified": false,
        "line_number": 187,
        "is_added": false,
        "is_removed": false
      },
      {
        "type": "Base64 High Entropy String",
        "filename": "modulos\\03-plataforma-e-entrega\\operacoes-ops\\aidd-ops\\tests\\test_cofre_credenciais.py",
        "hashed_secret": "6d15d424f10576100d6c47e28f786cf2d2aa1453",
        "is_verified": false,
        "line_number": 209,
        "is_added": false,
        "is_removed": false
      },
      {
        "type": "Base64 High Entropy String",
        "filename": "modulos\\03-plataforma-e-entrega\\operacoes-ops\\aidd-ops\\tests\\test_cofre_credenciais.py",
        "hashed_secret": "6ca93696fa7161fe3e7d1482136079973c4ce858",
        "is_verified": false,
        "line_number": 278,
        "is_added": false,
        "is_removed": false
      }
    ],
    "modulos\\03-plataforma-e-entrega\\operacoes-ops\\aidd-ops\\tests\\test_coolify.py": [
      {
        "type": "Secret Keyword",
        "filename": "modulos\\03-plataforma-e-entrega\\operacoes-ops\\aidd-ops\\tests\\test_coolify.py",
        "hashed_secret": "698690b9fcf194b5d68f22f1052b2ecd6f727bfa",
        "is_verified": false,
        "line_number": 29,
        "is_added": false,
        "is_removed": false
      }
    ],
    "modulos\\03-plataforma-e-entrega\\operacoes-ops\\aidd-ops\\tests\\test_deploy.py": [
      {
        "type": "Secret Keyword",
        "filename": "modulos\\03-plataforma-e-entrega\\operacoes-ops\\aidd-ops\\tests\\test_deploy.py",
        "hashed_secret": "898d1837988e7b64fccf6b6735162f9db9026f25",
        "is_verified": false,
        "line_number": 188,
        "is_added": false,
        "is_removed": false
      }
    ],
    "modulos\\04-nucleo-compartilhado\\contracts\\dependencias_externas.json": [
      {
        "type": "Hex High Entropy String",
        "filename": "modulos\\04-nucleo-compartilhado\\contracts\\dependencias_externas.json",
        "hashed_secret": "72684dca3458f436bfb2b7677b3c4f93e1110cce",
        "is_verified": false,
        "line_number": 9,
        "is_secret": false,
        "is_added": false,
        "is_removed": false
      }
    ],
    "tests\\fixtures\\enterprise_conforme\\manifest.json": [
      {
        "type": "Hex High Entropy String",
        "filename": "tests\\fixtures\\enterprise_conforme\\manifest.json",
        "hashed_secret": "88ba8b841e044f09c72785308f78958eb9adfb2e",
        "is_verified": false,
        "line_number": 6,
        "is_secret": false,
        "is_added": false,
        "is_removed": false
      }
    ],
    "tests\\test_properties.py": [
      {
        "type": "Secret Keyword",
        "filename": "tests\\test_properties.py",
        "hashed_secret": "cfb569bd4db5a64764576551a5bbf42a293fa543",
        "is_verified": false,
        "line_number": 81,
        "is_secret": false,
        "is_added": false,
        "is_removed": false
      },
      {
        "type": "Secret Keyword",
        "filename": "tests\\test_properties.py",
        "hashed_secret": "63ad123119d0e936a4f65d69389fbf4ac5962f59",
        "is_verified": false,
        "line_number": 108,
        "is_secret": false,
        "is_added": false,
        "is_removed": false
      },
      {
        "type": "Secret Keyword",
        "filename": "tests\\test_properties.py",
        "hashed_secret": "6b120789332beea432cf1f938e1e6873053395f3",
        "is_verified": false,
        "line_number": 126,
        "is_secret": false,
        "is_added": false,
        "is_removed": false
      },
      {
        "type": "Secret Keyword",
        "filename": "tests\\test_properties.py",
        "hashed_secret": "06804c7ed44415dd18a5657db43f3a2ca244c573",
        "is_verified": false,
        "line_number": 127,
        "is_secret": false,
        "is_added": false,
        "is_removed": false
      }
    ],
    "tests\\unit\\test_sandbox_runner.py": [
      {
        "type": "Secret Keyword",
        "filename": "tests\\unit\\test_sandbox_runner.py",
        "hashed_secret": "438d5f6b0cbbfc99794ab521df6f91ad4cefefd8",
        "is_verified": false,
        "line_number": 23,
        "is_secret": false,
        "is_added": false,
        "is_removed": false
      },
      {
        "type": "Secret Keyword",
        "filename": "tests\\unit\\test_sandbox_runner.py",
        "hashed_secret": "3dff5bcd6f036a475dc1dbc6bc528ab70a5439be",
        "is_verified": false,
        "line_number": 24,
        "is_secret": false,
        "is_added": false,
        "is_removed": false
      },
      {
        "type": "Secret Keyword",
        "filename": "tests\\unit\\test_sandbox_runner.py",
        "hashed_secret": "4fa2519ad2d85de09d4f42a73eb361a01efc1549",
        "is_verified": false,
        "line_number": 25,
        "is_secret": false,
        "is_added": false,
        "is_removed": false
      }
    ]
  },
  "generated_at": "2026-10-10T20:48:14Z"
}
